// Jest Snapshot v1, https://goo.gl/fbAQLP

exports[`Header component expect to render Header component 1`] = `
<div
  className="header"
>
  <div
    className="gradient"
  />
  <div
    className="copy"
  >
    <h1>
      about me
    </h1>
    <h3>
      Who am I?
    </h3>
  </div>
</div>
`;
