// Jest Snapshot v1, https://goo.gl/fbAQLP

exports[`DetailsWrapper component expect to render DetailsWrapper component 1`] = `
<div
  className="app-details-wrapper "
>
  <AvatarWrapper />
  <PersonalInfoWrapper />
</div>
`;
